###############################################################################
#
# IAR ELF Linker V8.22.2.15995/W32 for ARM                10/Apr/2018  11:48:21
# Copyright 2007-2018 IAR Systems AB.
#
#    Output file  =  
#        C:\Users\samue\Documents\_STM32\Pong\Pong\EWARM\Pong\Exe\Pong.out
#    Map file     =  
#        C:\Users\samue\Documents\_STM32\Pong\Pong\EWARM\Pong\List\Pong.map
#    Command line =  
#        -f C:\Users\samue\AppData\Local\Temp\EW87F0.tmp
#        (C:\Users\samue\Documents\_STM32\Pong\Pong\EWARM\Pong\Obj\GLcd.o
#        C:\Users\samue\Documents\_STM32\Pong\Pong\EWARM\Pong\Obj\GLcd2.o
#        C:\Users\samue\Documents\_STM32\Pong\Pong\EWARM\Pong\Obj\IO_BUS.o
#        C:\Users\samue\Documents\_STM32\Pong\Pong\obj\LIS3DSH.o
#        C:\Users\samue\Documents\_STM32\Pong\Pong\EWARM\Pong\Obj\main.o
#        C:\Users\samue\Documents\_STM32\Pong\Pong\EWARM\Pong\Obj\Physics.o
#        C:\Users\samue\Documents\_STM32\Pong\Pong\EWARM\Pong\Obj\startup_stm32f407xx.o
#        C:\Users\samue\Documents\_STM32\Pong\Pong\EWARM\Pong\Obj\stm32f4xx_hal.o
#        C:\Users\samue\Documents\_STM32\Pong\Pong\EWARM\Pong\Obj\stm32f4xx_hal_cortex.o
#        C:\Users\samue\Documents\_STM32\Pong\Pong\EWARM\Pong\Obj\stm32f4xx_hal_dma.o
#        C:\Users\samue\Documents\_STM32\Pong\Pong\EWARM\Pong\Obj\stm32f4xx_hal_dma_ex.o
#        C:\Users\samue\Documents\_STM32\Pong\Pong\EWARM\Pong\Obj\stm32f4xx_hal_flash.o
#        C:\Users\samue\Documents\_STM32\Pong\Pong\EWARM\Pong\Obj\stm32f4xx_hal_flash_ex.o
#        C:\Users\samue\Documents\_STM32\Pong\Pong\EWARM\Pong\Obj\stm32f4xx_hal_flash_ramfunc.o
#        C:\Users\samue\Documents\_STM32\Pong\Pong\EWARM\Pong\Obj\stm32f4xx_hal_gpio.o
#        C:\Users\samue\Documents\_STM32\Pong\Pong\EWARM\Pong\Obj\stm32f4xx_hal_i2c.o
#        C:\Users\samue\Documents\_STM32\Pong\Pong\EWARM\Pong\Obj\stm32f4xx_hal_i2c_ex.o
#        C:\Users\samue\Documents\_STM32\Pong\Pong\EWARM\Pong\Obj\stm32f4xx_hal_msp.o
#        C:\Users\samue\Documents\_STM32\Pong\Pong\EWARM\Pong\Obj\stm32f4xx_hal_pcd.o
#        C:\Users\samue\Documents\_STM32\Pong\Pong\EWARM\Pong\Obj\stm32f4xx_hal_pcd_ex.o
#        C:\Users\samue\Documents\_STM32\Pong\Pong\EWARM\Pong\Obj\stm32f4xx_hal_pwr.o
#        C:\Users\samue\Documents\_STM32\Pong\Pong\EWARM\Pong\Obj\stm32f4xx_hal_pwr_ex.o
#        C:\Users\samue\Documents\_STM32\Pong\Pong\EWARM\Pong\Obj\stm32f4xx_hal_rcc.o
#        C:\Users\samue\Documents\_STM32\Pong\Pong\EWARM\Pong\Obj\stm32f4xx_hal_rcc_ex.o
#        C:\Users\samue\Documents\_STM32\Pong\Pong\EWARM\Pong\Obj\stm32f4xx_hal_rng.o
#        C:\Users\samue\Documents\_STM32\Pong\Pong\EWARM\Pong\Obj\stm32f4xx_hal_spi.o
#        C:\Users\samue\Documents\_STM32\Pong\Pong\EWARM\Pong\Obj\stm32f4xx_hal_tim.o
#        C:\Users\samue\Documents\_STM32\Pong\Pong\EWARM\Pong\Obj\stm32f4xx_hal_tim_ex.o
#        C:\Users\samue\Documents\_STM32\Pong\Pong\EWARM\Pong\Obj\stm32f4xx_hal_uart.o
#        C:\Users\samue\Documents\_STM32\Pong\Pong\EWARM\Pong\Obj\stm32f4xx_it.o
#        C:\Users\samue\Documents\_STM32\Pong\Pong\EWARM\Pong\Obj\stm32f4xx_ll_usb.o
#        C:\Users\samue\Documents\_STM32\Pong\Pong\EWARM\Pong\Obj\system_stm32f4xx.o
#        C:\Users\samue\Documents\_STM32\Pong\Pong\EWARM\Pong\Obj\usb_device.o
#        C:\Users\samue\Documents\_STM32\Pong\Pong\EWARM\Pong\Obj\usbd_cdc.o
#        C:\Users\samue\Documents\_STM32\Pong\Pong\EWARM\Pong\Obj\usbd_cdc_if.o
#        C:\Users\samue\Documents\_STM32\Pong\Pong\EWARM\Pong\Obj\usbd_conf.o
#        C:\Users\samue\Documents\_STM32\Pong\Pong\EWARM\Pong\Obj\usbd_core.o
#        C:\Users\samue\Documents\_STM32\Pong\Pong\EWARM\Pong\Obj\usbd_ctlreq.o
#        C:\Users\samue\Documents\_STM32\Pong\Pong\EWARM\Pong\Obj\usbd_desc.o
#        C:\Users\samue\Documents\_STM32\Pong\Pong\EWARM\Pong\Obj\usbd_ioreq.o
#        --redirect _Printf=_PrintfFull --redirect _Scanf=_ScanfFull -o
#        C:\Users\samue\Documents\_STM32\Pong\Pong\EWARM\Pong\Exe\Pong.out
#        --map
#        C:\Users\samue\Documents\_STM32\Pong\Pong\EWARM\Pong\List\Pong.map
#        --config
#        C:\Users\samue\Documents\_STM32\Pong\Pong\EWARM/stm32f407xx_flash.icf
#        --semihosting --entry __iar_program_start --vfe --text_out locale)
#
###############################################################################

*******************************************************************************
*** MESSAGES
***

Warning[Lt009]: Inconsistent wchar_t size
            LIS3DSH.o has wchar_t size 16 bits
            GLcd.o and 63 other objects, some of them in dl7M_tlf.a and 11
                      other libraries have wchar_t size 32 bits


*******************************************************************************
*** RUNTIME MODEL ATTRIBUTES
***

CppFlavor       = *
__Heap_Handler  = Basic
__SystemLibrary = DLib
__dlib_version  = 6


*******************************************************************************
*** HEAP SELECTION
***

The basic heap was selected because some modules are built with
size limitations (and not runtime checking), and --advanced_heap
was not specified.


*******************************************************************************
*** PLACEMENT SUMMARY
***

"A0":  place at 0x08000000 { ro section .intvec };
"P1":  place in [from 0x08000000 to 0x080fffff] { ro };
define block CSTACK with size = 1K, alignment = 8 { };
define block HEAP with size = 512, alignment = 8 { };
"P2":  place in [from 0x20000000 to 0x2001ffff] {
          rw, block CSTACK, block HEAP };
initialize by copy { rw };

  Section            Kind        Address    Size  Object
  -------            ----        -------    ----  ------
"A0":                                      0x188
  .intvec            ro code  0x08000000   0x188  startup_stm32f407xx.o [1]
                            - 0x08000188   0x188

"P1":                                     0x5c4c
  .text              ro code  0x08000188   0x930  stm32f4xx_ll_usb.o [1]
  .text              ro code  0x08000ab8    0x28  stm32f4xx_hal.o [1]
  .text              ro code  0x08000ae0     0xc  stm32f4xx_hal.o [1]
  .text              ro code  0x08000aec   0x7fe  stm32f4xx_hal_pcd.o [1]
  .text              ro code  0x080012ea    0x7a  lz77_init_single.o [6]
  .text              ro code  0x08001364   0x2d4  usbd_conf.o [1]
  .text              ro code  0x08001638    0xa6  ABImemcpy.o [6]
  .text              ro code  0x080016e0   0x1a4  stm32f4xx_hal_rcc.o [1]
  .text              ro code  0x08001884   0x20e  stm32f4xx_hal_gpio.o [1]
  .text              ro code  0x08001a94    0xe6  stm32f4xx_hal_cortex.o [1]
  .text              ro code  0x08001b7a   0x246  usbd_core.o [1]
  .text              ro code  0x08001dc0   0x5ec  main.o [1]
  .text              ro code  0x080023ac    0x4a  stm32f4xx_hal_pcd_ex.o [1]
  .text              ro code  0x080023f8    0x40  stm32f4xx_hal.o [1]
  .text              ro code  0x08002438   0x22e  I64DivMod.o [6]
  .text              ro code  0x08002668   0x3aa  usbd_ctlreq.o [1]
  .text              ro code  0x08002a12    0x60  usbd_ioreq.o [1]
  .text              ro code  0x08002a74    0x34  stm32f4xx_hal.o [1]
  .text              ro code  0x08002aa8    0xe0  stm32f4xx_hal_i2c.o [1]
  .text              ro code  0x08002b88   0x5b0  stm32f4xx_hal_spi.o [1]
  .text              ro code  0x08003138   0x30e  stm32f4xx_hal_uart.o [1]
  .text              ro code  0x08003448    0x38  usb_device.o [1]
  .text              ro code  0x08003480    0x86  stm32f4xx_hal_rng.o [1]
  .text              ro code  0x08003508   0x4a2  GLcd.o [1]
  .text              ro code  0x080039ac    0xe4  LIS3DSH.o [2]
  .text              ro code  0x08003a90   0x4d4  GLcd2.o [1]
  .text              ro code  0x08003f64   0x2b8  Physics.o [1]
  .text              ro code  0x0800421c   0x2f0  stm32f4xx_hal_rcc.o [1]
  .text              ro code  0x0800450c     0x2  I64DivZer.o [6]
  .text              ro code  0x08004510   0x174  stm32f4xx_hal_msp.o [1]
  .text              ro code  0x08004684   0x204  usbd_cdc.o [1]
  .text              ro code  0x08004888   0x3c6  IO_BUS.o [1]
  .text              ro code  0x08004c50    0xb0  rand.o [4]
  .text              ro code  0x08004d00    0x48  FltToDbl.o [5]
  .text              ro code  0x08004d48   0x1a2  DblMul.o [5]
  .text              ro code  0x08004eec    0xe2  DblSub.o [5]
  .text              ro code  0x08004fd0   0x102  sqrt.o [5]
  .text              ro code  0x080050d4    0x68  DblToFlt.o [5]
  .text              ro code  0x0800513c   0x140  heap0.o [4]
  .text              ro code  0x0800527c     0x4  heaptramp0.o [4]
  .text              ro code  0x08005280   0x168  DblAdd.o [5]
  .text              ro code  0x080053e8    0x2c  xgetmemchunk.o [4]
  .text              ro code  0x08005414    0xc0  usbd_desc.o [1]
  .text              ro code  0x080054d4    0x60  system_stm32f4xx.o [1]
  .text              ro code  0x08005534    0x48  stm32f4xx_it.o [1]
  .text              ro code  0x0800557c    0x10  stm32f4xx_hal.o [1]
  .text              ro code  0x0800558c    0x44  usbd_cdc_if.o [1]
  .text              ro code  0x080055d0    0x40  zero_init3.o [6]
  .text              ro code  0x08005610    0x28  data_init.o [6]
  .text              ro code  0x08005638    0x22  fpinit_M.o [5]
  .iar.init_table    const    0x0800565c    0x20  - Linker created -
  .text              ro code  0x0800567c    0x1e  cmain.o [6]
  .text              ro code  0x0800569a     0x4  low_level_init.o [4]
  .text              ro code  0x0800569e     0x4  exit.o [4]
  .text              ro code  0x080056a4     0xa  cexit.o [6]
  .text              ro code  0x080056b0    0x14  exit.o [7]
  .text              ro code  0x080056c4    0x10  startup_stm32f407xx.o [1]
  .text              ro code  0x080056d4     0xc  cstartup_M.o [6]
  .rodata            const    0x080056e0     0x8  system_stm32f4xx.o [1]
  .text              ro code  0x080056e8     0x4  startup_stm32f407xx.o [1]
  .text              ro code  0x080056ec     0x4  startup_stm32f407xx.o [1]
  .text              ro code  0x080056f0     0x4  startup_stm32f407xx.o [1]
  .text              ro code  0x080056f4     0x4  startup_stm32f407xx.o [1]
  .text              ro code  0x080056f8     0x4  startup_stm32f407xx.o [1]
  .text              ro code  0x080056fc     0x4  startup_stm32f407xx.o [1]
  .text              ro code  0x08005700     0x4  startup_stm32f407xx.o [1]
  .text              ro code  0x08005704     0x4  startup_stm32f407xx.o [1]
  .text              ro code  0x08005708     0x4  startup_stm32f407xx.o [1]
  .text              ro code  0x0800570c     0x4  startup_stm32f407xx.o [1]
  .text              ro code  0x08005710     0x4  startup_stm32f407xx.o [1]
  .text              ro code  0x08005714     0x4  startup_stm32f407xx.o [1]
  .text              ro code  0x08005718     0x4  startup_stm32f407xx.o [1]
  .text              ro code  0x0800571c     0x4  startup_stm32f407xx.o [1]
  .text              ro code  0x08005720     0x4  startup_stm32f407xx.o [1]
  .text              ro code  0x08005724     0x4  startup_stm32f407xx.o [1]
  .text              ro code  0x08005728     0x4  startup_stm32f407xx.o [1]
  .text              ro code  0x0800572c     0x4  startup_stm32f407xx.o [1]
  .text              ro code  0x08005730     0x4  startup_stm32f407xx.o [1]
  .text              ro code  0x08005734     0x4  startup_stm32f407xx.o [1]
  .text              ro code  0x08005738     0x4  startup_stm32f407xx.o [1]
  .text              ro code  0x0800573c     0x4  startup_stm32f407xx.o [1]
  .text              ro code  0x08005740     0x4  startup_stm32f407xx.o [1]
  .text              ro code  0x08005744     0x4  startup_stm32f407xx.o [1]
  .text              ro code  0x08005748     0x4  startup_stm32f407xx.o [1]
  .text              ro code  0x0800574c     0x4  startup_stm32f407xx.o [1]
  .text              ro code  0x08005750     0x4  startup_stm32f407xx.o [1]
  .text              ro code  0x08005754     0x4  startup_stm32f407xx.o [1]
  .text              ro code  0x08005758     0x4  startup_stm32f407xx.o [1]
  .text              ro code  0x0800575c     0x4  startup_stm32f407xx.o [1]
  .text              ro code  0x08005760     0x4  startup_stm32f407xx.o [1]
  .text              ro code  0x08005764     0x4  startup_stm32f407xx.o [1]
  .text              ro code  0x08005768     0x4  startup_stm32f407xx.o [1]
  .text              ro code  0x0800576c     0x4  startup_stm32f407xx.o [1]
  .text              ro code  0x08005770     0x4  startup_stm32f407xx.o [1]
  .text              ro code  0x08005774     0x4  startup_stm32f407xx.o [1]
  .text              ro code  0x08005778     0x4  startup_stm32f407xx.o [1]
  .text              ro code  0x0800577c     0x4  startup_stm32f407xx.o [1]
  .text              ro code  0x08005780     0x4  startup_stm32f407xx.o [1]
  .text              ro code  0x08005784     0x4  startup_stm32f407xx.o [1]
  .text              ro code  0x08005788     0x4  startup_stm32f407xx.o [1]
  .text              ro code  0x0800578c     0x4  startup_stm32f407xx.o [1]
  .text              ro code  0x08005790     0x4  startup_stm32f407xx.o [1]
  .text              ro code  0x08005794     0x4  startup_stm32f407xx.o [1]
  .text              ro code  0x08005798     0x4  startup_stm32f407xx.o [1]
  .text              ro code  0x0800579c     0x4  startup_stm32f407xx.o [1]
  .text              ro code  0x080057a0     0x4  startup_stm32f407xx.o [1]
  .text              ro code  0x080057a4     0x4  startup_stm32f407xx.o [1]
  .text              ro code  0x080057a8     0x4  startup_stm32f407xx.o [1]
  .text              ro code  0x080057ac     0x4  startup_stm32f407xx.o [1]
  .text              ro code  0x080057b0     0x4  startup_stm32f407xx.o [1]
  .text              ro code  0x080057b4     0x4  startup_stm32f407xx.o [1]
  .text              ro code  0x080057b8     0x4  startup_stm32f407xx.o [1]
  .text              ro code  0x080057bc     0x4  startup_stm32f407xx.o [1]
  .text              ro code  0x080057c0     0x4  startup_stm32f407xx.o [1]
  .text              ro code  0x080057c4     0x4  startup_stm32f407xx.o [1]
  .text              ro code  0x080057c8     0x4  startup_stm32f407xx.o [1]
  .text              ro code  0x080057cc     0x4  startup_stm32f407xx.o [1]
  .text              ro code  0x080057d0     0x4  startup_stm32f407xx.o [1]
  .text              ro code  0x080057d4     0x4  startup_stm32f407xx.o [1]
  .text              ro code  0x080057d8     0x4  startup_stm32f407xx.o [1]
  .text              ro code  0x080057dc     0x4  startup_stm32f407xx.o [1]
  .text              ro code  0x080057e0     0x4  startup_stm32f407xx.o [1]
  .text              ro code  0x080057e4     0x4  startup_stm32f407xx.o [1]
  .text              ro code  0x080057e8     0x4  startup_stm32f407xx.o [1]
  .text              ro code  0x080057ec     0x4  startup_stm32f407xx.o [1]
  .text              ro code  0x080057f0     0x4  startup_stm32f407xx.o [1]
  .text              ro code  0x080057f4     0x4  startup_stm32f407xx.o [1]
  .text              ro code  0x080057f8     0x4  startup_stm32f407xx.o [1]
  .text              ro code  0x080057fc     0x4  startup_stm32f407xx.o [1]
  .text              ro code  0x08005800     0x4  startup_stm32f407xx.o [1]
  .text              ro code  0x08005804     0x4  startup_stm32f407xx.o [1]
  .text              ro code  0x08005808     0x4  startup_stm32f407xx.o [1]
  .text              ro code  0x0800580c     0x4  startup_stm32f407xx.o [1]
  .text              ro code  0x08005810     0x4  startup_stm32f407xx.o [1]
  .text              ro code  0x08005814     0x4  startup_stm32f407xx.o [1]
  .text              ro code  0x08005818     0x4  startup_stm32f407xx.o [1]
  .text              ro code  0x0800581c     0x4  startup_stm32f407xx.o [1]
  .text              ro code  0x08005820     0x4  startup_stm32f407xx.o [1]
  .text              ro code  0x08005824     0x4  startup_stm32f407xx.o [1]
  .text              ro code  0x08005828     0x4  startup_stm32f407xx.o [1]
  .text              ro code  0x0800582c     0x4  startup_stm32f407xx.o [1]
  .text              ro code  0x08005830     0x4  startup_stm32f407xx.o [1]
  .text              ro code  0x08005834     0x4  startup_stm32f407xx.o [1]
  .text              ro code  0x08005838     0x4  startup_stm32f407xx.o [1]
  .text              ro code  0x0800583c     0x4  startup_stm32f407xx.o [1]
  .rodata            const    0x08005840     0x0  zero_init3.o [6]
  .rodata            const    0x08005840     0x0  lz77_init_single.o [6]
  Initializer bytes  const    0x08005840   0x594  <for P2-1>
                            - 0x08005dd4  0x5c4c

"P2", part 1 of 3:                         0x7bc
  P2-1                        0x20000000   0x7bc  <Init block>
    .data            inited   0x20000000   0x554  GLcd2.o [1]
    .data            inited   0x20000554    0xfc  main.o [1]
    .data            inited   0x20000650     0xc  stm32f4xx_hal.o [1]
    .data            inited   0x2000065c     0x4  system_stm32f4xx.o [1]
    .data            inited   0x20000660     0xc  usbd_cdc.o [1]
    .data            inited   0x2000066c    0x38  usbd_cdc.o [1]
    .data            inited   0x200006a4    0x44  usbd_cdc.o [1]
    .data            inited   0x200006e8    0x44  usbd_cdc.o [1]
    .data            inited   0x2000072c    0x44  usbd_cdc.o [1]
    .data            inited   0x20000770    0x10  usbd_cdc_if.o [1]
    .data            inited   0x20000780    0x1c  usbd_desc.o [1]
    .data            inited   0x2000079c    0x14  usbd_desc.o [1]
    .data            inited   0x200007b0     0x4  usbd_desc.o [1]
    .data            inited   0x200007b4     0x8  rand.o [4]
                            - 0x200007bc   0x7bc

"P2", part 2 of 3:                        0x18ac
  .bss               zero     0x200007bc  0x1000  usbd_cdc_if.o [1]
  .bss               zero     0x200017bc   0x3f0  usbd_conf.o [1]
  .bss               zero     0x20001bac   0x224  usb_device.o [1]
  .bss               zero     0x20001dd0   0x200  usbd_desc.o [1]
  .bss               zero     0x20001fd0    0x84  rand.o [4]
  .bss               zero     0x20002054     0x8  heap0.o [4]
  .bss               zero     0x2000205c     0x4  xgetmemchunk.o [4]
  .bss               zero     0x20002060     0x2  LIS3DSH.o [2]
  .bss               zero     0x20002062     0x1  LIS3DSH.o [2]
  .bss               zero     0x20002063     0x1  usbd_cdc.o [1]
  .bss               zero     0x20002064     0x1  usbd_ctlreq.o [1]
                            - 0x20002065  0x18a9

"P2", part 3 of 3:                         0x600
  CSTACK                      0x20002068   0x400  <Block>
    CSTACK           uninit   0x20002068   0x400  <Block tail>
  HEAP                        0x20002468   0x200  <Block>
    HEAP             uninit   0x20002468   0x200  <Block tail>
                            - 0x20002668   0x600


*******************************************************************************
*** INIT TABLE
***

          Address     Size
          -------     ----
Zero (__iar_zero_init3)
    1 destination range, total size 0x18a9:
          0x200007bc  0x18a9

Copy/lz77 (__iar_lz77_init_single3)
    1 source range, total size 0x594 (72% of destination):
          0x08005840   0x594
    1 destination range, total size 0x7bc:
          0x20000000   0x7bc



*******************************************************************************
*** MODULE SUMMARY
***

    Module                  ro code  ro data  rw data
    ------                  -------  -------  -------
C:\Users\samue\Documents\_STM32\Pong\Pong\EWARM\Pong\Obj: [1]
    GLcd.o                    1 186
    GLcd2.o                   1 236      983    1 364
    IO_BUS.o                    966
    Physics.o                   696
    main.o                    1 516      182      252
    startup_stm32f407xx.o       752
    stm32f4xx_hal.o             184        9       12
    stm32f4xx_hal_cortex.o      230
    stm32f4xx_hal_gpio.o        526
    stm32f4xx_hal_i2c.o         224
    stm32f4xx_hal_msp.o         372
    stm32f4xx_hal_pcd.o       2 046
    stm32f4xx_hal_pcd_ex.o       74
    stm32f4xx_hal_rcc.o       1 172
    stm32f4xx_hal_rng.o         134
    stm32f4xx_hal_spi.o       1 456
    stm32f4xx_hal_uart.o        782
    stm32f4xx_it.o               72
    stm32f4xx_ll_usb.o        2 352
    system_stm32f4xx.o           96       11        4
    usb_device.o                 56               548
    usbd_cdc.o                  516      196      273
    usbd_cdc_if.o                68       11    4 112
    usbd_conf.o                 724             1 008
    usbd_core.o                 582
    usbd_ctlreq.o               938                 1
    usbd_desc.o                 192       38      564
    usbd_ioreq.o                 96
    -------------------------------------------------
    Total:                   19 244    1 430    8 138

C:\Users\samue\Documents\_STM32\Pong\Pong\obj: [2]
    LIS3DSH.o                   228                 3
    -------------------------------------------------
    Total:                      228                 3

command line: [3]
    -------------------------------------------------
    Total:

dl7M_tlf.a: [4]
    exit.o                        4
    heap0.o                     320                 8
    heaptramp0.o                  4
    low_level_init.o              4
    rand.o                      176        6      140
    xgetmemchunk.o               44                 4
    -------------------------------------------------
    Total:                      552        6      152

m7M_tls.a: [5]
    DblAdd.o                    360
    DblMul.o                    418
    DblSub.o                    226
    DblToFlt.o                  104
    FltToDbl.o                   72
    fpinit_M.o                   34
    sqrt.o                      258
    -------------------------------------------------
    Total:                    1 472

rt7M_tl.a: [6]
    ABImemcpy.o                 166
    I64DivMod.o                 558
    I64DivZer.o                   2
    cexit.o                      10
    cmain.o                      30
    cstartup_M.o                 12
    data_init.o                  40
    lz77_init_single.o          122
    zero_init3.o                 64
    -------------------------------------------------
    Total:                    1 004

shb_l.a: [7]
    exit.o                       20
    -------------------------------------------------
    Total:                       20

    Gaps                         30        2
    Linker created                        32    1 536
-----------------------------------------------------
    Grand Total:             22 550    1 470    9 829


*******************************************************************************
*** ENTRY LIST
***

Entry                      Address   Size  Type      Object
-----                      -------   ----  ----      ------
.iar.init_table$$Base   0x0800565c          --   Gb  - Linker created -
.iar.init_table$$Limit  0x0800567c          --   Gb  - Linker created -
?main                   0x0800567d         Code  Gb  cmain.o [6]
AHBPrescTable           0x08005524   0x10  Data  Gb  system_stm32f4xx.o [1]
APBPrescTable           0x080056e0    0x8  Data  Gb  system_stm32f4xx.o [1]
Aldata                  0x20002054    0x8  Data  Lc  heap0.o [4]
BestFlag                0x08003b64  0x400  Data  Gb  GLcd2.o [1]
CDC_Control_FS          0x080055af    0x4  Code  Lc  usbd_cdc_if.o [1]
CDC_DeInit_FS           0x080055ab    0x4  Code  Lc  usbd_cdc_if.o [1]
CDC_Init_FS             0x0800558d   0x1e  Code  Lc  usbd_cdc_if.o [1]
CDC_Receive_FS          0x080055b3   0x16  Code  Lc  usbd_cdc_if.o [1]
CSTACK$$Base            0x20002068          --   Gb  - Linker created -
CSTACK$$Limit           0x20002468          --   Gb  - Linker created -
EXTI0_IRQHandler        0x08005543   0x1e  Code  Gb  stm32f4xx_it.o [1]
EXTI9_5_IRQHandler      0x08005561    0x8  Code  Gb  stm32f4xx_it.o [1]
FS_Desc                 0x20000780   0x1c  Data  Gb  usbd_desc.o [1]
HAL_Delay               0x08000ab9   0x28  Code  Wk  stm32f4xx_hal.o [1]
HAL_GPIO_EXTI_IRQHandler
                        0x08001a4f   0x10  Code  Gb  stm32f4xx_hal_gpio.o [1]
HAL_GPIO_Init           0x08001885  0x1b2  Code  Gb  stm32f4xx_hal_gpio.o [1]
HAL_GPIO_ReadPin        0x08001a37    0xc  Code  Gb  stm32f4xx_hal_gpio.o [1]
HAL_GPIO_WritePin       0x08001a43    0xc  Code  Gb  stm32f4xx_hal_gpio.o [1]
HAL_GetTick             0x08000ae1    0xc  Code  Wk  stm32f4xx_hal.o [1]
HAL_I2C_Init            0x08002aa9   0xc8  Code  Gb  stm32f4xx_hal_i2c.o [1]
HAL_I2C_MspInit         0x08004571   0x48  Code  Gb  stm32f4xx_hal_msp.o [1]
HAL_IncTick             0x0800557d   0x10  Code  Wk  stm32f4xx_hal.o [1]
HAL_Init                0x08002a75   0x30  Code  Gb  stm32f4xx_hal.o [1]
HAL_InitTick            0x080023f9   0x40  Code  Wk  stm32f4xx_hal.o [1]
HAL_MspInit             0x08004511   0x60  Code  Gb  stm32f4xx_hal_msp.o [1]
HAL_NVIC_EnableIRQ      0x08001b07    0xa  Code  Gb  stm32f4xx_hal_cortex.o [1]
HAL_NVIC_SetPriority    0x08001acd   0x3a  Code  Gb  stm32f4xx_hal_cortex.o [1]
HAL_NVIC_SetPriorityGrouping
                        0x08001ab3   0x1a  Code  Gb  stm32f4xx_hal_cortex.o [1]
HAL_PCDEx_SetRxFiFo     0x080023ef    0x8  Code  Gb  stm32f4xx_hal_pcd_ex.o [1]
HAL_PCDEx_SetTxFiFo     0x080023ad   0x42  Code  Gb  stm32f4xx_hal_pcd_ex.o [1]
HAL_PCD_ConnectCallback
                        0x08001473    0x8  Code  Gb  usbd_conf.o [1]
HAL_PCD_DataInStageCallback
                        0x080013f7   0x12  Code  Gb  usbd_conf.o [1]
HAL_PCD_DataOutStageCallback
                        0x080013e3   0x14  Code  Gb  usbd_conf.o [1]
HAL_PCD_DisconnectCallback
                        0x0800147b    0x8  Code  Gb  usbd_conf.o [1]
HAL_PCD_EP_Close        0x080010ff   0x2c  Code  Gb  stm32f4xx_hal_pcd.o [1]
HAL_PCD_EP_ClrStall     0x08001207   0x38  Code  Gb  stm32f4xx_hal_pcd.o [1]
HAL_PCD_EP_GetRxCount   0x08001147   0x12  Code  Gb  stm32f4xx_hal_pcd.o [1]
HAL_PCD_EP_Open         0x080010ab   0x54  Code  Gb  stm32f4xx_hal_pcd.o [1]
HAL_PCD_EP_Receive      0x0800112b   0x1c  Code  Gb  stm32f4xx_hal_pcd.o [1]
HAL_PCD_EP_SetStall     0x080011a9   0x56  Code  Gb  stm32f4xx_hal_pcd.o [1]
HAL_PCD_EP_Transmit     0x08001159   0x1a  Code  Gb  stm32f4xx_hal_pcd.o [1]
HAL_PCD_IRQHandler      0x08000bb3  0x472  Code  Gb  stm32f4xx_hal_pcd.o [1]
HAL_PCD_ISOINIncompleteCallback
                        0x0800146b    0x8  Code  Gb  usbd_conf.o [1]
HAL_PCD_ISOOUTIncompleteCallback
                        0x08001463    0x8  Code  Gb  usbd_conf.o [1]
HAL_PCD_Init            0x08000aed   0xa4  Code  Gb  stm32f4xx_hal_pcd.o [1]
HAL_PCD_MspInit         0x08001365   0x72  Code  Gb  usbd_conf.o [1]
HAL_PCD_ResetCallback   0x08001411   0x20  Code  Gb  usbd_conf.o [1]
HAL_PCD_ResumeCallback  0x0800145b    0x8  Code  Gb  usbd_conf.o [1]
HAL_PCD_SOFCallback     0x08001409    0x8  Code  Gb  usbd_conf.o [1]
HAL_PCD_SetAddress      0x08001091   0x1a  Code  Gb  stm32f4xx_hal_pcd.o [1]
HAL_PCD_SetupStageCallback
                        0x080013d7    0xc  Code  Gb  usbd_conf.o [1]
HAL_PCD_Start           0x08000b9b   0x18  Code  Gb  stm32f4xx_hal_pcd.o [1]
HAL_PCD_SuspendCallback
                        0x08001431   0x2a  Code  Gb  usbd_conf.o [1]
HAL_RCC_ClockConfig     0x080016e1   0xfe  Code  Gb  stm32f4xx_hal_rcc.o [1]
HAL_RCC_GetHCLKFreq     0x080017eb    0x6  Code  Gb  stm32f4xx_hal_rcc.o [1]
HAL_RCC_GetPCLK1Freq    0x080017f1   0x10  Code  Gb  stm32f4xx_hal_rcc.o [1]
HAL_RCC_GetPCLK2Freq    0x08001801    0xe  Code  Gb  stm32f4xx_hal_rcc.o [1]
HAL_RCC_OscConfig       0x0800421d  0x2f0  Code  Wk  stm32f4xx_hal_rcc.o [1]
HAL_RNG_GenerateRandomNumber
                        0x080034af   0x58  Code  Gb  stm32f4xx_hal_rng.o [1]
HAL_RNG_Init            0x08003481   0x2e  Code  Gb  stm32f4xx_hal_rng.o [1]
HAL_RNG_MspInit         0x080045b9   0x26  Code  Gb  stm32f4xx_hal_msp.o [1]
HAL_SPI_GetState        0x08003083    0x6  Code  Gb  stm32f4xx_hal_spi.o [1]
HAL_SPI_Init            0x08002b89   0x78  Code  Gb  stm32f4xx_hal_spi.o [1]
HAL_SPI_MspInit         0x080045df   0x3a  Code  Gb  stm32f4xx_hal_msp.o [1]
HAL_SPI_Receive         0x08002d79  0x12a  Code  Gb  stm32f4xx_hal_spi.o [1]
HAL_SPI_Transmit        0x08002c0d  0x16c  Code  Gb  stm32f4xx_hal_spi.o [1]
HAL_SPI_TransmitReceive
                        0x08002ea3  0x1a4  Code  Gb  stm32f4xx_hal_spi.o [1]
HAL_SYSTICK_CLKSourceConfig
                        0x08001b43   0x1a  Code  Gb  stm32f4xx_hal_cortex.o [1]
HAL_SYSTICK_Config      0x08001b1b   0x28  Code  Gb  stm32f4xx_hal_cortex.o [1]
HAL_SYSTICK_IRQHandler  0x08001b75    0x4  Code  Gb  stm32f4xx_hal_cortex.o [1]
HAL_UART_Init           0x08003139   0x1e  Code  Gb  stm32f4xx_hal_uart.o [1]
HAL_UART_MspInit        0x08004619   0x3a  Code  Gb  stm32f4xx_hal_msp.o [1]
HAL_UART_Transmit       0x080031b1   0xaa  Code  Gb  stm32f4xx_hal_uart.o [1]
HEAP$$Base              0x20002468          --   Gb  - Linker created -
HEAP$$Limit             0x20002668          --   Gb  - Linker created -
MX_GPIO_Init            0x08002179  0x1a6  Code  Lc  main.o [1]
MX_USB_DEVICE_Init      0x08003449   0x38  Code  Gb  usb_device.o [1]
NVIC_SetPriority        0x08001a95   0x1e  Code  Lc  stm32f4xx_hal_cortex.o [1]
OTG_FS_IRQHandler       0x08005569    0x6  Code  Gb  stm32f4xx_it.o [1]
PCD_WriteEmptyTxFifo    0x0800125d   0x8e  Code  Lc  stm32f4xx_hal_pcd.o [1]
Region$$Table$$Base     0x0800565c          --   Gb  - Linker created -
Region$$Table$$Limit    0x0800567c          --   Gb  - Linker created -
SPI_CheckFlag_BSY       0x08003115   0x1a  Code  Lc  stm32f4xx_hal_spi.o [1]
SPI_WaitFlagStateUntilTimeout
                        0x08003089   0x8c  Code  Lc  stm32f4xx_hal_spi.o [1]
SysTick_Handler         0x08005535    0xe  Code  Gb  stm32f4xx_it.o [1]
SystemClock_Config      0x080020b9   0xae  Code  Gb  main.o [1]
SystemCoreClock         0x2000065c    0x4  Data  Gb  system_stm32f4xx.o [1]
SystemInit              0x080054d5   0x3a  Code  Gb  system_stm32f4xx.o [1]
UART_SetConfig          0x080032c7  0x13a  Code  Lc  stm32f4xx_hal_uart.o [1]
UART_WaitOnFlagUntilTimeout
                        0x08003263   0x56  Code  Lc  stm32f4xx_hal_uart.o [1]
USBD_CDC                0x2000066c   0x38  Data  Gb  usbd_cdc.o [1]
USBD_CDC_CfgFSDesc      0x200006e8   0x44  Data  Gb  usbd_cdc.o [1]
USBD_CDC_CfgHSDesc      0x200006a4   0x44  Data  Gb  usbd_cdc.o [1]
USBD_CDC_DataIn         0x0800479f   0x14  Code  Lc  usbd_cdc.o [1]
USBD_CDC_DataOut        0x080047b3   0x2a  Code  Lc  usbd_cdc.o [1]
USBD_CDC_DeInit         0x08004703   0x36  Code  Lc  usbd_cdc.o [1]
USBD_CDC_DeviceQualifierDesc
                        0x20000660    0xc  Data  Lc  usbd_cdc.o [1]
USBD_CDC_EP0_RxReady    0x080047dd   0x26  Code  Lc  usbd_cdc.o [1]
USBD_CDC_GetDeviceQualifierDescriptor
                        0x0800481b    0x8  Code  Gb  usbd_cdc.o [1]
USBD_CDC_GetFSCfgDesc   0x08004803    0x8  Code  Lc  usbd_cdc.o [1]
USBD_CDC_GetHSCfgDesc   0x0800480b    0x8  Code  Lc  usbd_cdc.o [1]
USBD_CDC_GetOtherSpeedCfgDesc
                        0x08004813    0x8  Code  Lc  usbd_cdc.o [1]
USBD_CDC_Init           0x08004685   0x74  Code  Lc  usbd_cdc.o [1]
USBD_CDC_OtherSpeedCfgDesc
                        0x2000072c   0x44  Data  Gb  usbd_cdc.o [1]
USBD_CDC_ReceivePacket  0x08004863   0x26  Code  Gb  usbd_cdc.o [1]
USBD_CDC_RegisterInterface
                        0x08004839    0xe  Code  Gb  usbd_cdc.o [1]
USBD_CDC_SetRxBuffer    0x08004857    0xc  Code  Gb  usbd_cdc.o [1]
USBD_CDC_SetTxBuffer    0x08004847   0x10  Code  Gb  usbd_cdc.o [1]
USBD_CDC_Setup          0x08004739   0x66  Code  Lc  usbd_cdc.o [1]
USBD_CDC_Setup::ifalt   0x20002063    0x1  Data  Lc  usbd_cdc.o [1]
USBD_ClrClassConfig     0x08001bd1    0xa  Code  Gb  usbd_core.o [1]
USBD_CtlContinueRx      0x08002a47    0x4  Code  Gb  usbd_ioreq.o [1]
USBD_CtlContinueSendData
                        0x08002a23    0x4  Code  Gb  usbd_ioreq.o [1]
USBD_CtlError           0x080029b5   0x16  Code  Gb  usbd_ctlreq.o [1]
USBD_CtlPrepareRx       0x08002a33   0x14  Code  Gb  usbd_ioreq.o [1]
USBD_CtlReceiveStatus   0x08002a65    0xe  Code  Gb  usbd_ioreq.o [1]
USBD_CtlSendData        0x08002a13   0x10  Code  Gb  usbd_ioreq.o [1]
USBD_CtlSendStatus      0x08002a57    0xe  Code  Gb  usbd_ioreq.o [1]
USBD_FS_ConfigStrDescriptor
                        0x08005465    0xc  Code  Gb  usbd_desc.o [1]
USBD_FS_DeviceDesc      0x2000079c   0x14  Data  Gb  usbd_desc.o [1]
USBD_FS_DeviceDescriptor
                        0x08005415    0x8  Code  Gb  usbd_desc.o [1]
USBD_FS_InterfaceStrDescriptor
                        0x08005471    0xc  Code  Gb  usbd_desc.o [1]
USBD_FS_LangIDStrDescriptor
                        0x0800541d    0x8  Code  Gb  usbd_desc.o [1]
USBD_FS_ManufacturerStrDescriptor
                        0x08005431    0xa  Code  Gb  usbd_desc.o [1]
USBD_FS_ProductStrDescriptor
                        0x08005425    0xc  Code  Gb  usbd_desc.o [1]
USBD_FS_SerialStrDescriptor
                        0x08005445    0xc  Code  Gb  usbd_desc.o [1]
USBD_GetDescriptor      0x08002895   0xf2  Code  Lc  usbd_ctlreq.o [1]
USBD_GetString          0x080029cb   0x48  Code  Gb  usbd_ctlreq.o [1]
USBD_Init               0x08001b7b   0x26  Code  Gb  usbd_core.o [1]
USBD_Interface_fops_FS  0x20000770   0x10  Data  Gb  usbd_cdc_if.o [1]
USBD_LL_ClearStallEP    0x0800156b   0x1a  Code  Gb  usbd_conf.o [1]
USBD_LL_CloseEP         0x08001537   0x1a  Code  Gb  usbd_conf.o [1]
USBD_LL_DataInStage     0x08001c93   0x94  Code  Gb  usbd_core.o [1]
USBD_LL_DataOutStage    0x08001c31   0x62  Code  Gb  usbd_core.o [1]
USBD_LL_DevConnected    0x08001da5    0x4  Code  Gb  usbd_core.o [1]
USBD_LL_DevDisconnected
                        0x08001da9   0x12  Code  Gb  usbd_core.o [1]
USBD_LL_GetRxDataSize   0x080015f3    0x8  Code  Gb  usbd_conf.o [1]
USBD_LL_Init            0x08001485   0x66  Code  Gb  usbd_conf.o [1]
USBD_LL_IsStallEP       0x08001585   0x20  Code  Gb  usbd_conf.o [1]
USBD_LL_IsoINIncomplete
                        0x08001d9d    0x4  Code  Gb  usbd_core.o [1]
USBD_LL_IsoOUTIncomplete
                        0x08001da1    0x4  Code  Gb  usbd_core.o [1]
USBD_LL_OpenEP          0x08001517   0x20  Code  Gb  usbd_conf.o [1]
USBD_LL_PrepareReceive  0x080015d9   0x1a  Code  Gb  usbd_conf.o [1]
USBD_LL_Reset           0x08001d27   0x40  Code  Gb  usbd_core.o [1]
USBD_LL_Resume          0x08001d79    0x6  Code  Gb  usbd_core.o [1]
USBD_LL_SOF             0x08001d85   0x18  Code  Gb  usbd_core.o [1]
USBD_LL_SetSpeed        0x08001d67    0x6  Code  Gb  usbd_core.o [1]
USBD_LL_SetUSBAddress   0x080015a5   0x1a  Code  Gb  usbd_conf.o [1]
USBD_LL_SetupStage      0x08001bdb   0x56  Code  Gb  usbd_core.o [1]
USBD_LL_StallEP         0x08001551   0x1a  Code  Gb  usbd_conf.o [1]
USBD_LL_Start           0x080014fd   0x1a  Code  Gb  usbd_conf.o [1]
USBD_LL_Suspend         0x08001d6d    0xc  Code  Gb  usbd_core.o [1]
USBD_LL_Transmit        0x080015bf   0x1a  Code  Gb  usbd_conf.o [1]
USBD_LangIDDesc         0x200007b0    0x4  Data  Gb  usbd_desc.o [1]
USBD_ParseSetupRequest  0x0800298d   0x28  Code  Gb  usbd_ctlreq.o [1]
USBD_RegisterClass      0x08001ba1   0x10  Code  Gb  usbd_core.o [1]
USBD_SetClassConfig     0x08001bbb   0x16  Code  Gb  usbd_core.o [1]
USBD_SetConfig::cfgidx  0x20002064    0x1  Data  Lc  usbd_ctlreq.o [1]
USBD_Start              0x08001bb1    0xa  Code  Gb  usbd_core.o [1]
USBD_StdDevReq          0x08002669  0x12a  Code  Gb  usbd_ctlreq.o [1]
USBD_StdEPReq           0x080027cd   0xbc  Code  Gb  usbd_ctlreq.o [1]
USBD_StdItfReq          0x08002799   0x2e  Code  Gb  usbd_ctlreq.o [1]
USBD_StrDesc            0x20001dd0  0x200  Data  Gb  usbd_desc.o [1]
USB_ActivateEndpoint    0x080003bb   0x68  Code  Gb  stm32f4xx_ll_usb.o [1]
USB_ActivateSetup       0x08000a0b   0x2e  Code  Gb  stm32f4xx_ll_usb.o [1]
USB_CoreInit            0x08000189   0x6e  Code  Gb  stm32f4xx_ll_usb.o [1]
USB_CoreReset           0x08000a69   0x2a  Code  Lc  stm32f4xx_ll_usb.o [1]
USB_DeactivateEndpoint  0x08000431   0x68  Code  Gb  stm32f4xx_ll_usb.o [1]
USB_DevConnect          0x0800097f    0xe  Code  Gb  stm32f4xx_ll_usb.o [1]
USB_DevDisconnect       0x0800098d    0xc  Code  Gb  stm32f4xx_ll_usb.o [1]
USB_DevInit             0x08000231  0x110  Code  Gb  stm32f4xx_ll_usb.o [1]
USB_DisableGlobalInt    0x080001ff    0x6  Code  Gb  stm32f4xx_ll_usb.o [1]
USB_EP0StartXfer        0x0800074d   0xe4  Code  Gb  stm32f4xx_ll_usb.o [1]
USB_EP0_OutStart        0x08000a39   0x30  Code  Gb  stm32f4xx_ll_usb.o [1]
USB_EPClearStall        0x08000901   0x4a  Code  Gb  stm32f4xx_ll_usb.o [1]
USB_EPSetStall          0x080008b3   0x42  Code  Gb  stm32f4xx_ll_usb.o [1]
USB_EPStartXfer         0x08000533  0x20a  Code  Gb  stm32f4xx_ll_usb.o [1]
USB_EnableGlobalInt     0x080001f7    0x8  Code  Gb  stm32f4xx_ll_usb.o [1]
USB_FlushRxFifo         0x0800035f   0x1a  Code  Gb  stm32f4xx_ll_usb.o [1]
USB_FlushTxFifo         0x08000341   0x1e  Code  Gb  stm32f4xx_ll_usb.o [1]
USB_GetDevSpeed         0x08000383   0x38  Code  Gb  stm32f4xx_ll_usb.o [1]
USB_GetMode             0x08000a03    0x8  Code  Gb  stm32f4xx_ll_usb.o [1]
USB_ReadDevAllInEpInterrupt
                        0x080009bd    0xe  Code  Gb  stm32f4xx_ll_usb.o [1]
USB_ReadDevAllOutEpInterrupt
                        0x080009af    0xe  Code  Gb  stm32f4xx_ll_usb.o [1]
USB_ReadDevInEPInterrupt
                        0x080009e1   0x22  Code  Gb  stm32f4xx_ll_usb.o [1]
USB_ReadDevOutEPInterrupt
                        0x080009cb   0x16  Code  Gb  stm32f4xx_ll_usb.o [1]
USB_ReadInterrupts      0x080009a5    0xa  Code  Gb  stm32f4xx_ll_usb.o [1]
USB_ReadPacket          0x08000895   0x1e  Code  Gb  stm32f4xx_ll_usb.o [1]
USB_SetCurrentMode      0x0800020b   0x26  Code  Gb  stm32f4xx_ll_usb.o [1]
USB_SetDevAddress       0x08000963   0x16  Code  Gb  stm32f4xx_ll_usb.o [1]
USB_SetDevSpeed         0x08000379    0xa  Code  Gb  stm32f4xx_ll_usb.o [1]
USB_WritePacket         0x0800086f   0x26  Code  Gb  stm32f4xx_ll_usb.o [1]
UserRxBufferFS          0x200007bc  0x800  Data  Gb  usbd_cdc_if.o [1]
UserTxBufferFS          0x20000fbc  0x800  Data  Gb  usbd_cdc_if.o [1]
_Error_Handler          0x080023ab    0x2  Code  Gb  main.o [1]
_Rand_idx               0x20002050    0x4  Data  Lc  rand.o [4]
_Rand_rv                0x20001fd0   0x80  Data  Lc  rand.o [4]
_Randinit               0x200007b4    0x1  Data  Gb  rand.o [4]
_Randseed               0x200007b8    0x4  Data  Gb  rand.o [4]
__aeabi_d2f             0x080050d5         Code  Gb  DblToFlt.o [5]
__aeabi_dmul            0x08004d49         Code  Gb  DblMul.o [5]
__aeabi_dsub            0x08004eed         Code  Gb  DblSub.o [5]
__aeabi_f2d             0x08004d01         Code  Gb  FltToDbl.o [5]
__aeabi_ldiv0           0x0800450d         Code  Gb  I64DivZer.o [6]
__aeabi_memcpy          0x08001639         Code  Gb  ABImemcpy.o [6]
__aeabi_memcpy4         0x08001659         Code  Gb  ABImemcpy.o [6]
__aeabi_memcpy8         0x08001659         Code  Gb  ABImemcpy.o [6]
__aeabi_uldivmod        0x08002439         Code  Gb  I64DivMod.o [6]
__basic_free            0x080051e9   0x16  Code  Gb  heap0.o [4]
__basic_free_intern     0x080051ff   0x7a  Code  Lc  heap0.o [4]
__basic_malloc          0x0800513d   0x18  Code  Gb  heap0.o [4]
__basic_malloc_intern   0x08005155   0x94  Code  Lc  heap0.o [4]
__cmain                 0x0800567d         Code  Gb  cmain.o [6]
__data_GetMemChunk      0x080053e9   0x2c  Code  Gb  xgetmemchunk.o [4]
__data_GetMemChunk::start
                        0x2000205c    0x4  Data  Lc  xgetmemchunk.o [4]
__exit                  0x080056b1   0x14  Code  Gb  exit.o [7]
__iar_dadd              0x08004efd         Code  Gb  DblSub.o [5]
__iar_data_init3        0x08005611   0x28  Code  Gb  data_init.o [6]
__iar_dsub              0x08005281         Code  Gb  DblAdd.o [5]
__iar_dsubStart         0x08005293         Code  Gb  DblAdd.o [5]
__iar_init_vfp          0x08005639         Code  Gb  fpinit_M.o [5]
__iar_lz77_init_single3
                        0x080012eb   0x7a  Code  Gb  lz77_init_single.o [6]
__iar_program_start     0x080056d5         Code  Gb  cstartup_M.o [6]
__iar_sqrt64            0x08004fe1         Code  Gb  sqrt.o [5]
__iar_systems$$module {Abs}
                        0x00000001         Data  Gb  command line/config [3]
__iar_vfp___iar_sqrt64  0x08004fd1         Code  Gb  sqrt.o [5]
__iar_vfp_sqrt          0x08004fd1         Code  Gb  sqrt.o [5]
__iar_vfp_sqrtl         0x08004fd1         Code  Gb  sqrt.o [5]
__iar_zero_init3        0x080055d1   0x40  Code  Gb  zero_init3.o [6]
__low_level_init        0x0800569b    0x4  Code  Gb  low_level_init.o [4]
__vector_table          0x08000000         Data  Gb  startup_stm32f407xx.o [1]
_call_main              0x08005689         Code  Gb  cmain.o [6]
_exit                   0x080056a5         Code  Gb  cexit.o [6]
_main                   0x08005697         Code  Gb  cmain.o [6]
exit                    0x0800569f    0x4  Code  Gb  exit.o [4]
fLIS3DSHLireSortieY     0x08003a45   0x14  Code  Gb  LIS3DSH.o [2]
free                    0x0800527d    0x4  Code  Gb  heaptramp0.o [4]
hUsbDeviceFS            0x20001bac  0x224  Data  Gb  usb_device.o [1]
hi2c1                   0x200005b0   0x54  Data  Gb  main.o [1]
hpcd_USB_OTG_FS         0x200017bc  0x3f0  Data  Gb  usbd_conf.o [1]
hrng                    0x20000644    0xc  Data  Gb  main.o [1]
hspi1                   0x20000558   0x58  Data  Gb  main.o [1]
huart2                  0x20000604   0x40  Data  Gb  main.o [1]
isPushed                0x20000554    0x1  Data  Gb  main.o [1]
main                    0x08001dc1  0x27a  Code  Gb  main.o [1]
rand                    0x08004c51   0x96  Code  Gb  rand.o [4]
sqrt                    0x08004fe1         Code  Gb  sqrt.o [5]
sqrtl                   0x08004fe1         Code  Gb  sqrt.o [5]
srand                   0x08004ce7    0xa  Code  Gb  rand.o [4]
ucCheckIsBallOK         0x0800400d  0x11a  Code  Gb  Physics.o [1]
ucFontSystem3x6         0x20000000   0xc4  Data  Gb  GLcd2.o [1]
ucFontSystem5x8         0x200000c4  0x1e8  Data  Gb  GLcd2.o [1]
ucFontSystem7x8         0x200002ac  0x2a8  Data  Gb  GLcd2.o [1]
ucInputGLcd             0x08003509   0x1c  Code  Gb  GLcd.o [1]
ucLIS3DSHLire           0x080039ad   0x4c  Code  Gb  LIS3DSH.o [2]
ucLIS3DSHLire::ucBufferSPI
                        0x20002062    0x1  Data  Lc  LIS3DSH.o [2]
ucReadIO                0x080048bd  0x1a2  Code  Gb  IO_BUS.o [1]
uwTick                  0x20000654    0x4  Data  Gb  stm32f4xx_hal.o [1]
uwTickFreq              0x20000650    0x1  Data  Gb  stm32f4xx_hal.o [1]
uwTickPrio              0x20000658    0x4  Data  Gb  stm32f4xx_hal.o [1]
vAI                     0x0800417b   0x6c  Code  Gb  Physics.o [1]
vClearGLcd              0x0800358f   0x3a  Code  Gb  GLcd.o [1]
vClearPixelGLcd         0x0800363b   0x64  Code  Gb  GLcd.o [1]
vData_IN                0x08004889   0x12  Code  Gb  IO_BUS.o [1]
vData_OUT               0x0800489b   0x14  Code  Gb  IO_BUS.o [1]
vDrawCircleGLcd         0x08003723   0x5e  Code  Gb  GLcd.o [1]
vDrawLineGLcd           0x080036b3   0x38  Code  Gb  GLcd.o [1]
vInfoScreen             0x08003aa5   0x58  Code  Gb  GLcd2.o [1]
vInitGLcd               0x08003551   0x3e  Code  Gb  GLcd.o [1]
vLIS3DSHEcrire          0x080039f9   0x3c  Code  Gb  LIS3DSH.o [2]
vLIS3DSHEcrire::ucBufferSPI
                        0x20002060    0x2  Data  Lc  LIS3DSH.o [2]
vOutputGLcd             0x08003525   0x22  Code  Gb  GLcd.o [1]
vPutBMPGLcd             0x08003953   0x58  Code  Gb  GLcd.o [1]
vPutCharGLcd            0x0800384d   0x9a  Code  Gb  GLcd.o [1]
vPutPixelGLcd           0x080035d5   0x66  Code  Gb  GLcd.o [1]
vPutStringGLcd          0x08003905   0x48  Code  Gb  GLcd.o [1]
vRemoveCircleGLcd       0x08003787   0x5e  Code  Gb  GLcd.o [1]
vRemoveLineGLcd         0x080036eb   0x38  Code  Gb  GLcd.o [1]
vStartScreen            0x08003a91   0x12  Code  Gb  GLcd2.o [1]
vStartVector            0x08003f65   0xa8  Code  Gb  Physics.o [1]
vWriteIO                0x08004a6d  0x1a2  Code  Gb  IO_BUS.o [1]


[1] = C:\Users\samue\Documents\_STM32\Pong\Pong\EWARM\Pong\Obj
[2] = C:\Users\samue\Documents\_STM32\Pong\Pong\obj
[3] = command line
[4] = dl7M_tlf.a
[5] = m7M_tls.a
[6] = rt7M_tl.a
[7] = shb_l.a

  22 550 bytes of readonly  code memory
   1 470 bytes of readonly  data memory
   9 829 bytes of readwrite data memory

Errors: none
Warnings: 1
